<html>
<body>
<pre>
<h1>µVision Build Log</h1>
<h2>Project:</h2>
D:\GitHub\stm32gps-sleep\Project\stm32gps\MDK-ARM\stm32gps.uvproj
Project File Date:  12/01/2014

<h2>Output:</h2>
Build target 'Debug'
compiling main.c...
..\main.c(796): warning:  #128-D: loop is not reachable from preceding code
compiling stm32f10x_it.c...
compiling stm32gps_config.c...
..\stm32gps_config.c(208): warning:  #550-D: variable "PrescalerValue" was set but never used
compiling gpio.c...
compiling misc.c...
compiling stm32f10x_bkp.c...
compiling stm32f10x_exti.c...
compiling stm32f10x_flash.c...
compiling stm32f10x_fsmc.c...
compiling stm32f10x_gpio.c...
compiling stm32f10x_iwdg.c...
compiling stm32f10x_pwr.c...
compiling stm32f10x_rcc.c...
compiling stm32f10x_rtc.c...
compiling stm32f10x_sdio.c...
compiling stm32f10x_spi.c...
compiling stm32f10x_tim.c...
compiling stm32f10x_usart.c...
compiling stm32f10x_wwdg.c...
compiling core_cm3.c...
compiling system_stm32f10x.c...
compiling stm32gps_board.c...
..\..\..\Utilities\STM32_GPS\STM32_GPS_BOARD_VB/stm32_gps_board.c(357): warning:  #550-D: variable "data" was set but never used
assembling startup_stm32f10x_hd.s...
compiling usart.c...
compiling gps.c...
..\..\..\Utilities\SIM28M\gps.c(381): warning:  #167-D: argument of type "uint8_t *" is incompatible with parameter of type "const char *"
..\..\..\Utilities\SIM28M\gps.c(390): warning:  #167-D: argument of type "uint8_t *" is incompatible with parameter of type "const char *"
compiling GSM_App.c...
..\..\..\Utilities\SIM800L\GSM_App.c(1288): warning:  #177-D: variable "tmpStart" was declared but never referenced
..\..\..\Utilities\SIM800L\GSM_App.c(1367): warning:  #177-D: variable "tmpStart" was declared but never referenced
..\..\..\Utilities\SIM800L\GSM_App.c(1480): warning:  #550-D: variable "pfeed" was set but never used
..\..\..\Utilities\SIM800L\GSM_App.c(1556): warning:  #177-D: variable "pcmdbuf" was declared but never referenced
..\..\..\Utilities\SIM800L\GSM_App.c(1680): warning:  #177-D: variable "pfeed" was declared but never referenced
linking...
Program Size: Code=28488 RO-data=1252 RW-data=252 ZI-data=6084  
FromELF: creating hex file...
".\STM32GPS\stm32gps.axf" - 0 Error(s), 10 Warning(s).
Load "D:\\GitHub\\stm32gps-sleep\\Project\\stm32gps\\MDK-ARM\\STM32GPS\\stm32gps.AXF" 
* JLink Info: Device "STM32F103RC" selected (256 KB flash, 48 KB RAM).
Set JLink Project File to "D:\GitHub\stm32gps-sleep\Project\stm32gps\MDK-ARM\JLinkSettings.ini"
 
JLink info:
------------
DLL: V4.90d, compiled Aug 29 2014 14:49:16
Firmware: J-Link ARM V8 compiled Jul 17 2014 12:31:18
Hardware: V8.00
S/N : 286370559 
Feature(s) : RDI,FlashDL,FlashBP,JFlash 
 
* JLink Info: Found SWD-DP with ID 0x1BA01477
* JLink Info: Found SWD-DP with ID 0x1BA01477
* JLink Info: Found Cortex-M3 r1p1, Little endian.
* JLink Info: FPUnit: 6 code (BP) slots and 2 literal slots
* JLink Info: TPIU fitted.
* JLink Info: ETM fitted.
ROMTableAddr = 0xE00FF003
 
Target info:
------------
Device: STM32F103RC
VTarget = 3.410V
State of Pins: 
TCK: 0, TDI: 0, TDO: 0, TMS: 1, TRES: 1, TRST: 1
Hardware-Breakpoints: 6
Software-Breakpoints: 8192
Watchpoints:          4
JTAG speed: 2000 kHz
 
Erase Done.
Programming Done.
Verify OK.
Build target 'Debug'
compiling main.c...
..\main.c(796): warning:  #128-D: loop is not reachable from preceding code
compiling stm32f10x_it.c...
compiling stm32gps_config.c...
..\stm32gps_config.c(208): warning:  #550-D: variable "PrescalerValue" was set but never used
compiling usart.c...
compiling gps.c...
..\..\..\Utilities\SIM28M\gps.c(381): warning:  #167-D: argument of type "uint8_t *" is incompatible with parameter of type "const char *"
..\..\..\Utilities\SIM28M\gps.c(390): warning:  #167-D: argument of type "uint8_t *" is incompatible with parameter of type "const char *"
compiling GSM_App.c...
..\..\..\Utilities\SIM800L\GSM_App.c(1288): warning:  #177-D: variable "tmpStart" was declared but never referenced
..\..\..\Utilities\SIM800L\GSM_App.c(1367): warning:  #177-D: variable "tmpStart" was declared but never referenced
..\..\..\Utilities\SIM800L\GSM_App.c(1480): warning:  #550-D: variable "pfeed" was set but never used
..\..\..\Utilities\SIM800L\GSM_App.c(1556): warning:  #177-D: variable "pcmdbuf" was declared but never referenced
..\..\..\Utilities\SIM800L\GSM_App.c(1680): warning:  #177-D: variable "pfeed" was declared but never referenced
linking...
Program Size: Code=28488 RO-data=1252 RW-data=252 ZI-data=6084  
FromELF: creating hex file...
".\STM32GPS\stm32gps.axf" - 0 Error(s), 9 Warning(s).
Load "D:\\GitHub\\stm32gps-sleep\\Project\\stm32gps\\MDK-ARM\\STM32GPS\\stm32gps.AXF" 
Load "D:\\GitHub\\stm32gps-sleep\\Project\\stm32gps\\MDK-ARM\\STM32GPS\\stm32gps.AXF" 
* JLink Info: Device "STM32F103RC" selected (256 KB flash, 48 KB RAM).
Set JLink Project File to "D:\GitHub\stm32gps-sleep\Project\stm32gps\MDK-ARM\JLinkSettings.ini"
 
JLink info:
------------
DLL: V4.90d, compiled Aug 29 2014 14:49:16
Firmware: J-Link ARM V8 compiled Jul 17 2014 12:31:18
Hardware: V8.00
S/N : 286370559 
Feature(s) : RDI,FlashDL,FlashBP,JFlash 
 
* JLink Info: Found SWD-DP with ID 0x1BA01477
* JLink Info: Found SWD-DP with ID 0x1BA01477
* JLink Info: Found Cortex-M3 r1p1, Little endian.
* JLink Info: FPUnit: 6 code (BP) slots and 2 literal slots
* JLink Info: TPIU fitted.
* JLink Info: ETM fitted.
ROMTableAddr = 0xE00FF003
 
Target info:
------------
Device: STM32F103RC
VTarget = 3.364V
State of Pins: 
TCK: 0, TDI: 0, TDO: 0, TMS: 1, TRES: 1, TRST: 1
Hardware-Breakpoints: 6
Software-Breakpoints: 8192
Watchpoints:          4
JTAG speed: 2000 kHz
 
Erase Done.
Programming Done.
Verify OK.
Load "D:\\GitHub\\stm32gps-sleep\\Project\\stm32gps\\MDK-ARM\\STM32GPS\\stm32gps.AXF" 
* JLink Info: Device "STM32F103RC" selected (256 KB flash, 48 KB RAM).
Set JLink Project File to "D:\GitHub\stm32gps-sleep\Project\stm32gps\MDK-ARM\JLinkSettings.ini"
 
JLink info:
------------
DLL: V4.90d, compiled Aug 29 2014 14:49:16
Firmware: J-Link ARM V8 compiled Jul 17 2014 12:31:18
Hardware: V8.00
S/N : 286370559 
Feature(s) : RDI,FlashDL,FlashBP,JFlash 
 
* JLink Info: Found SWD-DP with ID 0x1BA01477
* JLink Info: Found SWD-DP with ID 0x1BA01477
* JLink Info: Found Cortex-M3 r1p1, Little endian.
* JLink Info: FPUnit: 6 code (BP) slots and 2 literal slots
* JLink Info: TPIU fitted.
* JLink Info: ETM fitted.
ROMTableAddr = 0xE00FF003
 
Target info:
------------
Device: STM32F103RC
VTarget = 3.435V
State of Pins: 
TCK: 0, TDI: 0, TDO: 0, TMS: 1, TRES: 1, TRST: 1
Hardware-Breakpoints: 6
Software-Breakpoints: 8192
Watchpoints:          4
JTAG speed: 2000 kHz
 
Erase Done.
Programming Done.
Verify OK.
Load "D:\\GitHub\\stm32gps-sleep\\Project\\stm32gps\\MDK-ARM\\STM32GPS\\stm32gps.AXF" 
* JLink Info: Device "STM32F103RC" selected (256 KB flash, 48 KB RAM).
Set JLink Project File to "D:\GitHub\stm32gps-sleep\Project\stm32gps\MDK-ARM\JLinkSettings.ini"
 
JLink info:
------------
DLL: V4.90d, compiled Aug 29 2014 14:49:16
Firmware: J-Link ARM V8 compiled Jul 17 2014 12:31:18
Hardware: V8.00
S/N : 286370559 
Feature(s) : RDI,FlashDL,FlashBP,JFlash 
 
* JLink Info: Found SWD-DP with ID 0x1BA01477
* JLink Info: Found SWD-DP with ID 0x1BA01477
* JLink Info: Found Cortex-M3 r1p1, Little endian.
* JLink Info: FPUnit: 6 code (BP) slots and 2 literal slots
* JLink Info: TPIU fitted.
* JLink Info: ETM fitted.
ROMTableAddr = 0xE00FF003
 
Target info:
------------
Device: STM32F103RC
VTarget = 3.455V
State of Pins: 
TCK: 0, TDI: 0, TDO: 0, TMS: 1, TRES: 1, TRST: 1
Hardware-Breakpoints: 6
Software-Breakpoints: 8192
Watchpoints:          4
JTAG speed: 2000 kHz
 
Erase Done.
Programming Done.
Verify OK.
Build target 'Debug'
compiling GSM_App.c...
..\..\..\Utilities\SIM800L\GSM_App.c(1288): warning:  #177-D: variable "tmpStart" was declared but never referenced
..\..\..\Utilities\SIM800L\GSM_App.c(1367): warning:  #177-D: variable "tmpStart" was declared but never referenced
..\..\..\Utilities\SIM800L\GSM_App.c(1480): warning:  #550-D: variable "pfeed" was set but never used
..\..\..\Utilities\SIM800L\GSM_App.c(1556): warning:  #177-D: variable "pcmdbuf" was declared but never referenced
..\..\..\Utilities\SIM800L\GSM_App.c(1680): warning:  #177-D: variable "pfeed" was declared but never referenced
linking...
Program Size: Code=28488 RO-data=1252 RW-data=252 ZI-data=6084  
FromELF: creating hex file...
".\STM32GPS\stm32gps.axf" - 0 Error(s), 5 Warning(s).
Load "D:\\GitHub\\stm32gps-sleep\\Project\\stm32gps\\MDK-ARM\\STM32GPS\\stm32gps.AXF" 
* JLink Info: Device "STM32F103RC" selected (256 KB flash, 48 KB RAM).
Set JLink Project File to "D:\GitHub\stm32gps-sleep\Project\stm32gps\MDK-ARM\JLinkSettings.ini"
 
JLink info:
------------
DLL: V4.90d, compiled Aug 29 2014 14:49:16
Firmware: J-Link ARM V8 compiled Jul 17 2014 12:31:18
Hardware: V8.00
S/N : 286370559 
Feature(s) : RDI,FlashDL,FlashBP,JFlash 
 
* JLink Info: Found SWD-DP with ID 0x1BA01477
* JLink Info: Found SWD-DP with ID 0x1BA01477
* JLink Info: Found Cortex-M3 r1p1, Little endian.
* JLink Info: FPUnit: 6 code (BP) slots and 2 literal slots
* JLink Info: TPIU fitted.
* JLink Info: ETM fitted.
ROMTableAddr = 0xE00FF003
 
Target info:
------------
Device: STM32F103RC
VTarget = 3.448V
State of Pins: 
TCK: 0, TDI: 0, TDO: 0, TMS: 1, TRES: 1, TRST: 1
Hardware-Breakpoints: 6
Software-Breakpoints: 8192
Watchpoints:          4
JTAG speed: 2000 kHz
 
Erase Done.
Programming Done.
Verify OK.
Load "D:\\GitHub\\stm32gps-sleep\\Project\\stm32gps\\MDK-ARM\\STM32GPS\\stm32gps.AXF" 
* JLink Info: Device "STM32F103RC" selected (256 KB flash, 48 KB RAM).
Set JLink Project File to "D:\GitHub\stm32gps-sleep\Project\stm32gps\MDK-ARM\JLinkSettings.ini"
 
JLink info:
------------
DLL: V4.90d, compiled Aug 29 2014 14:49:16
Firmware: J-Link ARM V8 compiled Jul 17 2014 12:31:18
Hardware: V8.00
S/N : 286370559 
Feature(s) : RDI,FlashDL,FlashBP,JFlash 
 
* JLink Info: Found SWD-DP with ID 0x1BA01477
* JLink Info: Found SWD-DP with ID 0x1BA01477
* JLink Info: Found Cortex-M3 r1p1, Little endian.
* JLink Info: FPUnit: 6 code (BP) slots and 2 literal slots
* JLink Info: TPIU fitted.
* JLink Info: ETM fitted.
ROMTableAddr = 0xE00FF003
 
Target info:
------------
Device: STM32F103RC
VTarget = 3.448V
State of Pins: 
TCK: 0, TDI: 0, TDO: 0, TMS: 1, TRES: 1, TRST: 1
Hardware-Breakpoints: 6
Software-Breakpoints: 8192
Watchpoints:          4
JTAG speed: 2000 kHz
 
Erase Done.
Programming Done.
Verify OK.
Load "D:\\GitHub\\stm32gps-sleep\\Project\\stm32gps\\MDK-ARM\\STM32GPS\\stm32gps.AXF" 
* JLink Info: Device "STM32F103RC" selected (256 KB flash, 48 KB RAM).
Set JLink Project File to "D:\GitHub\stm32gps-sleep\Project\stm32gps\MDK-ARM\JLinkSettings.ini"
 
JLink info:
------------
DLL: V4.90d, compiled Aug 29 2014 14:49:16
Firmware: J-Link ARM V8 compiled Jul 17 2014 12:31:18
Hardware: V8.00
S/N : 286370559 
Feature(s) : RDI,FlashDL,FlashBP,JFlash 
 
* JLink Info: Found SWD-DP with ID 0x1BA01477
* JLink Info: Found SWD-DP with ID 0x1BA01477
* JLink Info: Found Cortex-M3 r1p1, Little endian.
* JLink Info: FPUnit: 6 code (BP) slots and 2 literal slots
* JLink Info: TPIU fitted.
* JLink Info: ETM fitted.
ROMTableAddr = 0xE00FF003
 
Target info:
------------
Device: STM32F103RC
VTarget = 3.442V
State of Pins: 
TCK: 0, TDI: 0, TDO: 0, TMS: 1, TRES: 1, TRST: 1
Hardware-Breakpoints: 6
Software-Breakpoints: 8192
Watchpoints:          4
JTAG speed: 2000 kHz
 
Erase Done.
Programming Done.
Verify OK.
Load "D:\\GitHub\\stm32gps-sleep\\Project\\stm32gps\\MDK-ARM\\STM32GPS\\stm32gps.AXF" 
* JLink Info: Device "STM32F103RC" selected (256 KB flash, 48 KB RAM).
Set JLink Project File to "D:\GitHub\stm32gps-sleep\Project\stm32gps\MDK-ARM\JLinkSettings.ini"
 
JLink info:
------------
DLL: V4.90d, compiled Aug 29 2014 14:49:16
Firmware: J-Link ARM V8 compiled Jul 17 2014 12:31:18
Hardware: V8.00
S/N : 286370559 
Feature(s) : RDI,FlashDL,FlashBP,JFlash 
 
* JLink Info: Found SWD-DP with ID 0x1BA01477
* JLink Info: Found SWD-DP with ID 0x1BA01477
* JLink Info: Found Cortex-M3 r1p1, Little endian.
* JLink Info: FPUnit: 6 code (BP) slots and 2 literal slots
* JLink Info: TPIU fitted.
* JLink Info: ETM fitted.
ROMTableAddr = 0xE00FF003
 
Target info:
------------
Device: STM32F103RC
VTarget = 3.455V
State of Pins: 
TCK: 0, TDI: 0, TDO: 0, TMS: 1, TRES: 1, TRST: 1
Hardware-Breakpoints: 6
Software-Breakpoints: 8192
Watchpoints:          4
JTAG speed: 2000 kHz
 
Erase Done.
Programming Done.
Verify OK.
Load "D:\\GitHub\\stm32gps-sleep\\Project\\stm32gps\\MDK-ARM\\STM32GPS\\stm32gps.AXF" 
Load "D:\\GitHub\\stm32gps-sleep\\Project\\stm32gps\\MDK-ARM\\STM32GPS\\stm32gps.AXF" 
* JLink Info: Device "STM32F103RC" selected (256 KB flash, 48 KB RAM).
Set JLink Project File to "D:\GitHub\stm32gps-sleep\Project\stm32gps\MDK-ARM\JLinkSettings.ini"
 
JLink info:
------------
DLL: V4.90d, compiled Aug 29 2014 14:49:16
Firmware: J-Link ARM V8 compiled Jul 17 2014 12:31:18
Hardware: V8.00
S/N : 286370559 
Feature(s) : RDI,FlashDL,FlashBP,JFlash 
 
* JLink Info: Found SWD-DP with ID 0x1BA01477
* JLink Info: Found SWD-DP with ID 0x1BA01477
* JLink Info: Found Cortex-M3 r1p1, Little endian.
* JLink Info: FPUnit: 6 code (BP) slots and 2 literal slots
* JLink Info: TPIU fitted.
* JLink Info: ETM fitted.
ROMTableAddr = 0xE00FF003
 
Target info:
------------
Device: STM32F103RC
VTarget = 3.410V
State of Pins: 
TCK: 0, TDI: 0, TDO: 0, TMS: 1, TRES: 1, TRST: 1
Hardware-Breakpoints: 6
Software-Breakpoints: 8192
Watchpoints:          4
JTAG speed: 2000 kHz
 
Erase Done.
Programming Done.
Verify OK.
Clean started: Project: 'stm32gps'
   deleting intermediate output files for target 'Debug'
   deleting intermediate output files for target 'Release'
